exports[`Switcher should render initially 1`] = `
<div
  className="switcher">
  <input
    onChange={[Function]} />
  <button
    onClick={[Function]}>
    Search
  </button>
  
  <ul />
</div>
`;
